Sun May 17 2026 14:0:20 [debug] error: 
Invalid `prisma.user.findUnique()` invocation in
/Users/pallab/Documents/Work/Personal/blog/blogmania-backend/src/modules/auth/service.ts:11:44

   8 import { prisma } from 'utils/prisma';
   9 
  10 export const signUp = async (data: User) => {
→ 11     const existingUser = await prisma.user.findUnique(
Server has closed the connection.
Sun May 17 2026 14:1:47 [debug] error: 
Invalid `prisma.user.findUnique()` invocation in
/Users/pallab/Documents/Work/Personal/blog/blogmania-backend/src/modules/auth/service.ts:11:44

   8 import { prisma } from 'utils/prisma';
   9 
  10 export const signUp = async (data: User) => {
→ 11     const existingUser = await prisma.user.findUnique(
Server has closed the connection.
Sun May 17 2026 14:10:19 [debug] error: "expiresIn" should be a number of seconds or string representing a timespan
Sun May 17 2026 14:11:58 [debug] error: "expiresIn" should be a number of seconds or string representing a timespan
Sun May 17 2026 14:13:0 [debug] error: "expiresIn" should be a number of seconds or string representing a timespan
Sun May 17 2026 14:14:24 [debug] error: "expiresIn" should be a number of seconds or string representing a timespan
